---
source: tests/e2e.rs
expression: output.generated_code
---
// Decompiled Udon Program
// This is pseudo-code and may not compile directly

namespace QvPen.UdonScript.UI
{
    public class QvPen_ClearAllButton : UdonSharpBehaviour
    {
        VRC.Udon.UdonBehaviour settings = null;

        public void _interact()
        {
            UnityEngine.Component[] __intnl_UnityEngineComponentArray_0 = null;
            System.Int32 __intnl_SystemInt32_0 = 0;
            System.Int32 __intnl_SystemInt32_1 = 0;
            VRC.Udon.UdonBehaviour __lcl_penManager_VRCUdonUdonBehaviour_0 = null;

            __intnl_UnityEngineComponentArray_0 = settings.GetProgramVariable("penManagers");
            __intnl_SystemInt32_0 = __intnl_UnityEngineComponentArray_0.Length;
            __intnl_SystemInt32_1 = 0;
            while (__intnl_SystemInt32_1 < __intnl_SystemInt32_0)
            {
                __lcl_penManager_VRCUdonUdonBehaviour_0 = __intnl_UnityEngineComponentArray_0.Get(__intnl_SystemInt32_1);
                if (__lcl_penManager_VRCUdonUdonBehaviour_0)
                {
                    __lcl_penManager_VRCUdonUdonBehaviour_0.SendCustomEvent("Clear");
                }
                __intnl_SystemInt32_1 = __intnl_SystemInt32_1 + 1;
            }
            return;
        }
    }
}
