---
source: tests/e2e.rs
expression: output.generated_code
---
// Decompiled Udon Program
// This is pseudo-code and may not compile directly

public class PatreonProcessor : UdonSharpBehaviour
{
    System.Boolean DebugMode = false;
    VRC.Udon.UdonBehaviour Patreon = null;
    VRC.Udon.UdonBehaviour PatreonContent = null;
    VRC.Udon.UdonBehaviour Hud = null;
    VRC.Udon.UdonBehaviour PatreonBoard = null;
    VRC.Udon.UdonBehaviour cyan = null;
    UnityEngine.TextAsset PatronListFallbackAsset = null;
    UnityEngine.TextAsset PatronListFallbackAssetDebugMode = null;
    UnityEngine.TextAsset BastedAsset = null;
    VRC.Economy.UdonProduct VIPProduct = null;
    VRC.SDKBase.VRCUrl Url = null;
    System.String[] CEVips = null;
    System.String[] ceVIPsPurchaseConfirmedBeforeReady = new System.String[] {};
    System.String patronsToProcess = null;
    VRC.SDKBase.VRCPlayerApi localPlayer = null;
    System.Boolean CEReady = false;
    System.Boolean PatreonReady = false;
    VRC.SDK3.StringLoading.IVRCStringDownload onStringLoadSuccessIVRCStringDownload = null;
    VRC.SDK3.StringLoading.IVRCStringDownload onStringLoadErrorIVRCStringDownload = null;
    System.String __0___0__BastePatrons__ret = null;
    System.String __0_encodedPatrons__param = null;
    System.String[] __0___0_ToStringArray__ret = null;
    VRC.SDK3.Data.DataList __0_dataList__param = null;
    System.String[] __0__intnlparam = null;
    System.String[] __1__intnlparam = null;
    System.String[] __2__intnlparam = null;
    VRC.SDK3.Data.DataDictionary __0_patrons__param = null;
    VRC.SDK3.Data.DataDictionary __1_patrons__param = null;
    System.Globalization.NumberStyles __const_SystemGlobalizationNumberStyles_0 = null /* unserializable */;
    VRC.SDK3.Data.DataDictionary __2_patrons__param = null;
    System.String __0_ceVip__param = null;
    System.Int32 __3__intnlparam = 0;
    System.String __4__intnlparam = null;
    VRC.Economy.IProduct onListProductOwnersResult = null;
    System.String[] onListProductOwnersOwners = null;
    VRC.Economy.IProduct onPurchaseConfirmedResult = null;
    VRC.SDKBase.VRCPlayerApi onPurchaseConfirmedPlayer = null;
    System.Object[] __gintnl_SystemObjectArray_0 =
        new System.Object[] { null /* unserializable */, null /* unserializable */, null /* unserializable */, null /* unserializable */ };
    System.String[] __5__intnlparam = null;
    System.String[] __6__intnlparam = null;
    System.String __7__intnlparam = null;
    VRC.Udon.Common.Interfaces.IUdonEventReceiver __temp_VRCUdonCommonInterfacesIUdonEventReceiver_0 = null;
    VRC.Economy.IProduct __temp_VRCEconomyIProduct_0 = null;
    System.Boolean __temp_SystemBoolean_0 = false;
    System.String __temp_SystemString_0 = null;
    VRC.SDK3.Data.DataToken __temp_VRCSDK3DataDataToken_0 = null /* unserializable */;
    System.String[] __temp_SystemStringArray_0 = null;
    VRC.SDK3.Data.DataDictionary __temp_VRCSDK3DataDataDictionary_0 = null;
    VRC.SDKBase.VRCPlayerApi __temp_VRCSDKBaseVRCPlayerApi_0 = null;
    System.Int32 __temp_SystemInt32_0 = 0;
    System.Int32 __temp_SystemInt32_1 = 0;
    System.Char[] __temp_SystemCharArray_0 = null;
    System.Char __temp_SystemChar_0 = null /* unserializable */;
    System.Byte __temp_SystemByte_0 = 0;
    System.Text.Encoding __temp_SystemTextEncoding_0 = null;
    VRC.SDK3.Data.DataToken __temp_VRCSDK3DataDataToken_1 = null /* unserializable */;
    System.String __temp_SystemString_1 = null;
    VRC.Economy.UdonProduct __temp_VRCEconomyUdonProduct_0 = null;
    UnityEngine.GameObject __temp_UnityEngineGameObject_0 = null;
    System.Single __temp_SystemSingle_0 = 0.0f;
    UnityEngine.Color __temp_UnityEngineColor_0 = new UnityEngine.Color(0.0f, 0.0f, 0.0f, 0.0f);
    UnityEngine.Texture __temp_UnityEngineTexture_0 = null;
    VRC.Udon.UdonBehaviour __temp_VRCUdonUdonBehaviour_0 = null;
    UnityEngine.AudioClip __temp_UnityEngineAudioClip_0 = null;

    public void _start()
    {
        localPlayer = VRC.SDKBase.Networking.LocalPlayer;
        __temp_VRCUdonCommonInterfacesIUdonEventReceiver_0 = this;
        __temp_VRCEconomyIProduct_0 = VIPProduct;
        VRC.Economy.Store.ListProductOwners(__temp_VRCUdonCommonInterfacesIUdonEventReceiver_0, __temp_VRCEconomyIProduct_0);
        if (!DebugMode)
        {
            __temp_VRCUdonCommonInterfacesIUdonEventReceiver_0 = this;
            VRC.SDK3.StringLoading.VRCStringDownloader.LoadUrl(Url, __temp_VRCUdonCommonInterfacesIUdonEventReceiver_0);
            this.SendCustomEventDelayedSeconds("_StringLoaderTimeout", 30.0f, VRC.Udon.Common.Enums.EventTiming.Update);
            return;
        }
        UnityEngine.Debug.Log("[Patreon] UseDebugPatrons");
        Hud.SetProgramVariable("__1_mainText__param", "Using debug VIP list");
        Hud.SetProgramVariable("__1_subText__param", "Beep boop you shouldn't see this");
        Hud.SetProgramVariable("__0_lifeTime__param", 15.0f);
        Hud.SetProgramVariable("__0_isPriority__param", true);
        Hud.SendCustomEvent("__0__ErrorNotification");
        patronsToProcess = PatronListFallbackAssetDebugMode.text;
        PatreonReady = true;
        _TryProcessPatrons();
        return;
    }

    public void _StringLoaderTimeout()
    {
        __temp_SystemBoolean_0 = Patreon.GetProgramVariable("ready");
        if (!__temp_SystemBoolean_0)
        {
            UnityEngine.Debug.Log("[PatreonProcessor._StringLoaderTimeout] StringLoader hasn't returned success or failure. Using fallback list");
            UnityEngine.Debug.Log("[Patreon] UseFallbackPatrons");
            Hud.SetProgramVariable("__1_mainText__param", "Using fallback VIP list");
            Hud.SetProgramVariable("__1_subText__param", "Please clear your in-game cache and relaunch VRChat if missing VIP perks");
            Hud.SetProgramVariable("__0_lifeTime__param", 15.0f);
            Hud.SetProgramVariable("__0_isPriority__param", true);
            Hud.SendCustomEvent("__0__ErrorNotification");
            patronsToProcess = PatronListFallbackAsset.text;
            PatreonReady = true;
            _TryProcessPatrons();
            return;
        }
        return;
    }

    public void _onStringLoadSuccess()
    {
        UnityEngine.Debug.Log("[Patreon] OnStringLoadSuccess");
        __temp_SystemString_0 = onStringLoadSuccessIVRCStringDownload.Result;
        __temp_SystemBoolean_0 = System.String.IsNullOrEmpty(__temp_SystemString_0);
        if (__temp_SystemBoolean_0)
        {
            UnityEngine.Debug.Log("[Patreon] OnStringLoadSuccess - but Patreon string loader returned success with 0 bytes");
            UnityEngine.Debug.Log("[Patreon] UseFallbackPatrons");
            Hud.SetProgramVariable("__1_mainText__param", "Using fallback VIP list");
            Hud.SetProgramVariable("__1_subText__param", "Please clear your in-game cache and relaunch VRChat if missing VIP perks");
            Hud.SetProgramVariable("__0_lifeTime__param", 15.0f);
            Hud.SetProgramVariable("__0_isPriority__param", true);
            Hud.SendCustomEvent("__0__ErrorNotification");
            patronsToProcess = PatronListFallbackAsset.text;
            PatreonReady = true;
            _TryProcessPatrons();
            return;
        }
        patronsToProcess = onStringLoadSuccessIVRCStringDownload.Result;
        PatreonReady = true;
        _TryProcessPatrons();
        return;
    }

    public void _onStringLoadError()
    {
        UnityEngine.Debug.Log("[Patreon] OnStringLoadError");
        __temp_SystemString_0 = onStringLoadErrorIVRCStringDownload.Error;
        UnityEngine.Debug.Log(__temp_SystemString_0);
        UnityEngine.Debug.Log("[Patreon] UseFallbackPatrons");
        Hud.SetProgramVariable("__1_mainText__param", "Using fallback VIP list");
        Hud.SetProgramVariable("__1_subText__param", "Please clear your in-game cache and relaunch VRChat if missing VIP perks");
        Hud.SetProgramVariable("__0_lifeTime__param", 15.0f);
        Hud.SetProgramVariable("__0_isPriority__param", true);
        Hud.SendCustomEvent("__0__ErrorNotification");
        patronsToProcess = PatronListFallbackAsset.text;
        PatreonReady = true;
        _TryProcessPatrons();
        return;
    }

    public void _TryProcessPatrons()
    {
        System.Boolean __intnl_SystemBoolean_2 = false;

        __intnl_SystemBoolean_2 = PatreonReady;
        if (__intnl_SystemBoolean_2)
        {
            __intnl_SystemBoolean_2 = CEReady;
        }
        if (__intnl_SystemBoolean_2)
        {
            _ProcessPatrons();
            return;
        }
        return;
    }

    public void _ProcessPatrons()
    {
        VRC.SDK3.Data.DataDictionary __lcl_json_VRCSDK3DataDataDictionary_0 = null;
        System.String[] __lcl_allVIPs_SystemStringArray_0 = null;
        VRC.Udon.UdonBehaviour __intnl_VRCUdonUdonBehaviour_0 = null;
        System.String[] __intnl_SystemStringArray_0 = null;
        System.String[] __intnl_SystemStringArray_1 = null;
        VRC.SDK3.Data.DataDictionary __intnl_VRCSDK3DataDataDictionary_1 = null;

        UnityEngine.Debug.Log("[Patreon] _ProcessPatrons");
        __0_encodedPatrons__param = patronsToProcess;
        __0__BastePatrons();
        __temp_SystemBoolean_0 = VRC.SDK3.Data.VRCJson.TryDeserializeFromJson(__0___0__BastePatrons__ret, ref __temp_VRCSDK3DataDataToken_0);
        __lcl_json_VRCSDK3DataDataDictionary_0 = __temp_VRCSDK3DataDataToken_0.DataDictionary;
        __temp_VRCSDK3DataDataToken_0 = "vips";
        __temp_VRCSDK3DataDataToken_0 = __lcl_json_VRCSDK3DataDataDictionary_0.get_Item(__temp_VRCSDK3DataDataToken_0);
        __0_dataList__param = __temp_VRCSDK3DataDataToken_0.DataList;
        ToStringArray();
        __temp_SystemStringArray_0 = __0___0_ToStringArray__ret;
        __1__intnlparam = __temp_SystemStringArray_0;
        __2__intnlparam = CEVips;
        function_3();
        __lcl_allVIPs_SystemStringArray_0 = __0__intnlparam;
        __temp_VRCSDK3DataDataToken_0 = "executives";
        __temp_VRCSDK3DataDataToken_0 = __lcl_json_VRCSDK3DataDataDictionary_0.get_Item(__temp_VRCSDK3DataDataToken_0);
        __0_dataList__param = __temp_VRCSDK3DataDataToken_0.DataList;
        __intnl_VRCUdonUdonBehaviour_0 = PatreonBoard;
        ToStringArray();
        __temp_VRCSDK3DataDataToken_0 = "elites";
        __temp_VRCSDK3DataDataToken_0 = __lcl_json_VRCSDK3DataDataDictionary_0.get_Item(__temp_VRCSDK3DataDataToken_0);
        __0_dataList__param = __temp_VRCSDK3DataDataToken_0.DataList;
        __intnl_SystemStringArray_0 = __0___0_ToStringArray__ret;
        ToStringArray();
        __temp_VRCSDK3DataDataToken_0 = "legends";
        __temp_VRCSDK3DataDataToken_0 = __lcl_json_VRCSDK3DataDataDictionary_0.get_Item(__temp_VRCSDK3DataDataToken_0);
        __0_dataList__param = __temp_VRCSDK3DataDataToken_0.DataList;
        __intnl_SystemStringArray_1 = __0___0_ToStringArray__ret;
        ToStringArray();
        __intnl_VRCUdonUdonBehaviour_0.SetProgramVariable("__0_vips__param", __lcl_allVIPs_SystemStringArray_0);
        __intnl_VRCUdonUdonBehaviour_0.SetProgramVariable("__0_executives__param", __intnl_SystemStringArray_0);
        __intnl_VRCUdonUdonBehaviour_0.SetProgramVariable("__0_elites__param", __intnl_SystemStringArray_1);
        __intnl_VRCUdonUdonBehaviour_0.SetProgramVariable("__0_legends__param", __0___0_ToStringArray__ret);
        __intnl_VRCUdonUdonBehaviour_0.SendCustomEvent("__0__SetupPatreonBoard");
        __temp_VRCSDK3DataDataToken_0 = "patrons";
        __temp_VRCSDK3DataDataToken_0 = __lcl_json_VRCSDK3DataDataDictionary_0.get_Item(__temp_VRCSDK3DataDataToken_0);
        __temp_VRCSDK3DataDataDictionary_0 = __temp_VRCSDK3DataDataToken_0.DataDictionary;
        Patreon.SetProgramVariable("patrons", __temp_VRCSDK3DataDataDictionary_0);
        __temp_VRCSDK3DataDataToken_0 = "groups";
        __temp_SystemBoolean_0 = __lcl_json_VRCSDK3DataDataDictionary_0.ContainsKey(__temp_VRCSDK3DataDataToken_0);
        if (__temp_SystemBoolean_0)
        {
            __temp_VRCSDK3DataDataToken_0 = "groups";
            __temp_VRCSDK3DataDataToken_0 = __lcl_json_VRCSDK3DataDataDictionary_0.get_Item(__temp_VRCSDK3DataDataToken_0);
            __intnl_VRCSDK3DataDataDictionary_1 = __temp_VRCSDK3DataDataToken_0.DataDictionary;
        }
        else
        {
            __intnl_VRCSDK3DataDataDictionary_1 = new VRC.SDK3.Data.DataDictionary();
        }
        Patreon.SetProgramVariable("groups", __intnl_VRCSDK3DataDataDictionary_1);
        this.SendCustomEventDelayedSeconds("_ProcessPatronsStep2", 0.1f, VRC.Udon.Common.Enums.EventTiming.Update);
        return;
    }

    public void _ProcessPatronsStep2()
    {
        VRC.SDK3.Data.DataDictionary __lcl_patrons_VRCSDK3DataDataDictionary_0 = null;

        PatreonContent.SendCustomEvent("_PopulateGroupWall");
        __lcl_patrons_VRCSDK3DataDataDictionary_0 = Patreon.GetProgramVariable("patrons");
        __0_patrons__param = __lcl_patrons_VRCSDK3DataDataDictionary_0;
        function_0();
        __1_patrons__param = __lcl_patrons_VRCSDK3DataDataDictionary_0;
        function_1();
        Patreon.SendCustomEvent("_OnPatreonReady");
        return;
    }

    void function_0()
    {
        VRC.SDK3.Data.DataToken __lcl_patronData_VRCSDK3DataDataToken_0 = null /* unserializable */;
        VRC.SDK3.Data.DataToken __lcl_groupRoles_VRCSDK3DataDataToken_0 = null /* unserializable */;

        __temp_VRCSDK3DataDataDictionary_0 = new VRC.SDK3.Data.DataDictionary();
        Patreon.SetProgramVariable("localGroupRoles", __temp_VRCSDK3DataDataDictionary_0);
        __temp_VRCSDKBaseVRCPlayerApi_0 = VRC.SDKBase.Networking.LocalPlayer;
        __temp_SystemString_0 = __temp_VRCSDKBaseVRCPlayerApi_0.displayName;
        __temp_VRCSDK3DataDataToken_0 = __temp_SystemString_0;
        __temp_SystemBoolean_0 = __0_patrons__param.TryGetValue(__temp_VRCSDK3DataDataToken_0, ref __lcl_patronData_VRCSDK3DataDataToken_0);
        if (__temp_SystemBoolean_0)
        {
            __temp_VRCSDK3DataDataDictionary_0 = __lcl_patronData_VRCSDK3DataDataToken_0.DataDictionary;
            __temp_VRCSDK3DataDataToken_0 = "GroupRoles";
            __temp_SystemBoolean_0 = __temp_VRCSDK3DataDataDictionary_0.TryGetValue(__temp_VRCSDK3DataDataToken_0, ref __lcl_groupRoles_VRCSDK3DataDataToken_0);
            if (__temp_SystemBoolean_0)
            {
                __temp_VRCSDK3DataDataDictionary_0 = __lcl_groupRoles_VRCSDK3DataDataToken_0.DataDictionary;
                Patreon.SetProgramVariable("localGroupRoles", __temp_VRCSDK3DataDataDictionary_0);
            }
        }
        return;
    }

    public void __0__BastePatrons()
    {
        System.String __lcl_k_SystemString_0 = null;
        System.Byte[] __lcl_bytes_SystemByteArray_0 = null;
        System.Int32 __lcl_i_SystemInt32_0 = 0;

        __lcl_k_SystemString_0 = BastedAsset.text;
        __temp_SystemInt32_0 = __0_encodedPatrons__param.Length;
        __temp_SystemInt32_0 = __temp_SystemInt32_0 / 2;
        __lcl_bytes_SystemByteArray_0 = new System.Byte[](__temp_SystemInt32_0);
        __lcl_i_SystemInt32_0 = 0;
        while (true)
        {
            __temp_SystemInt32_0 = __lcl_bytes_SystemByteArray_0.Length;
            __temp_SystemBoolean_0 = __lcl_i_SystemInt32_0 < __temp_SystemInt32_0;
            if (__temp_SystemBoolean_0)
            {
                __temp_SystemInt32_0 = __lcl_i_SystemInt32_0 * 2;
                __temp_SystemString_0 = __0_encodedPatrons__param.Substring(__temp_SystemInt32_0, 2);
                __temp_SystemInt32_0 = System.Int32.Parse(__temp_SystemString_0, __const_SystemGlobalizationNumberStyles_0);
                __temp_SystemInt32_1 = __lcl_k_SystemString_0.Length;
                __temp_SystemInt32_1 = __lcl_i_SystemInt32_0 % __temp_SystemInt32_1;
                __temp_SystemCharArray_0 = __lcl_k_SystemString_0.ToCharArray(__temp_SystemInt32_1, 1);
                __temp_SystemChar_0 = __temp_SystemCharArray_0.Get(0);
                __temp_SystemInt32_1 = System.Convert.ToInt32(__temp_SystemChar_0);
                __temp_SystemInt32_0 = __temp_SystemInt32_0 ^ __temp_SystemInt32_1;
                __temp_SystemByte_0 = System.Convert.ToByte(__temp_SystemInt32_0);
                __lcl_bytes_SystemByteArray_0.Set(__lcl_i_SystemInt32_0, __temp_SystemByte_0);
                __lcl_i_SystemInt32_0 = __lcl_i_SystemInt32_0 + 1;
                continue;
            }
            break;
        }
        __temp_SystemTextEncoding_0 = System.Text.Encoding.UTF8;
        __0___0__BastePatrons__ret = __temp_SystemTextEncoding_0.GetString(__lcl_bytes_SystemByteArray_0);
        return;
    }

    void function_1()
    {
        System.Int32 __intnl_SystemInt32_8 = 0;
        System.Int32 __intnl_SystemInt32_9 = 0;
        System.String __lcl_ceVip_SystemString_0 = null;

        __intnl_SystemInt32_8 = CEVips.Length;
        __intnl_SystemInt32_9 = 0;
        while (__intnl_SystemInt32_9 < __intnl_SystemInt32_8)
        {
            __lcl_ceVip_SystemString_0 = CEVips.Get(__intnl_SystemInt32_9);
            __2_patrons__param = __1_patrons__param;
            __0_ceVip__param = __lcl_ceVip_SystemString_0;
            function_2();
            __intnl_SystemInt32_9 = __intnl_SystemInt32_9 + 1;
        }
        __intnl_SystemInt32_8 = ceVIPsPurchaseConfirmedBeforeReady.Length;
        __intnl_SystemInt32_9 = 0;
        while (__intnl_SystemInt32_9 < __intnl_SystemInt32_8)
        {
            __lcl_ceVip_SystemString_0 = ceVIPsPurchaseConfirmedBeforeReady.Get(__intnl_SystemInt32_9);
            __temp_SystemString_0 = System.String.Format("ceVipPurchaseConfirmedBeforeReady = {0}", __lcl_ceVip_SystemString_0);
            UnityEngine.Debug.Log(__temp_SystemString_0);
            __2_patrons__param = __1_patrons__param;
            __0_ceVip__param = __lcl_ceVip_SystemString_0;
            function_2();
            __intnl_SystemInt32_9 = __intnl_SystemInt32_9 + 1;
        }
        return;
    }

    void function_2()
    {
        System.Boolean __intnl_SystemBoolean_9 = false;
        VRC.SDK3.Data.DataToken __lcl_data_VRCSDK3DataDataToken_0 = null /* unserializable */;
        VRC.SDK3.Data.DataToken __lcl_tierToken_VRCSDK3DataDataToken_0 = null /* unserializable */;

        __temp_VRCSDK3DataDataToken_0 = __0_ceVip__param;
        __intnl_SystemBoolean_9 = __2_patrons__param.TryGetValue(__temp_VRCSDK3DataDataToken_0, ref __lcl_data_VRCSDK3DataDataToken_0);
        if (__intnl_SystemBoolean_9)
        {
            __temp_VRCSDK3DataDataDictionary_0 = __lcl_data_VRCSDK3DataDataToken_0.DataDictionary;
            __temp_VRCSDK3DataDataToken_0 = "Tier";
            __intnl_SystemBoolean_9 = __temp_VRCSDK3DataDataDictionary_0.TryGetValue(__temp_VRCSDK3DataDataToken_0, ref __lcl_tierToken_VRCSDK3DataDataToken_0);
        }
        if (__intnl_SystemBoolean_9)
        {
            __4__intnlparam = __lcl_tierToken_VRCSDK3DataDataToken_0.String;
            function_4();
            __temp_SystemBoolean_0 = __3__intnlparam == 0;
            if (__temp_SystemBoolean_0)
            {
                __temp_VRCSDK3DataDataDictionary_0 = __lcl_data_VRCSDK3DataDataToken_0.DataDictionary;
                __temp_VRCSDK3DataDataDictionary_0.set_Item("Tier", "VIP");
            }
        }
        else
        {
            __temp_VRCSDK3DataDataDictionary_0 = new VRC.SDK3.Data.DataDictionary();
            __temp_VRCSDK3DataDataDictionary_0.set_Item("Tier", "VIP");
            __temp_VRCSDK3DataDataToken_0 = __0_ceVip__param;
            __temp_VRCSDK3DataDataToken_1 = __temp_VRCSDK3DataDataDictionary_0;
            __2_patrons__param.SetValue(__temp_VRCSDK3DataDataToken_0, __temp_VRCSDK3DataDataToken_1);
        }
        return;
    }

    void ToStringArray()
    {
        System.String[] __lcl_stringArray_SystemStringArray_0 = null;
        System.Int32 __lcl_i_SystemInt32_1 = 0;

        __temp_SystemInt32_0 = __0_dataList__param.Count;
        __lcl_stringArray_SystemStringArray_0 = new System.String[](__temp_SystemInt32_0);
        __lcl_i_SystemInt32_1 = 0;
        while (true)
        {
            __temp_SystemInt32_0 = __0_dataList__param.Count;
            __temp_SystemBoolean_0 = __lcl_i_SystemInt32_1 < __temp_SystemInt32_0;
            if (__temp_SystemBoolean_0)
            {
                __temp_VRCSDK3DataDataToken_0 = __0_dataList__param.get_Item(__lcl_i_SystemInt32_1);
                __temp_SystemString_0 = __temp_VRCSDK3DataDataToken_0.String;
                __lcl_stringArray_SystemStringArray_0.Set(__lcl_i_SystemInt32_1, __temp_SystemString_0);
                __lcl_i_SystemInt32_1 = __lcl_i_SystemInt32_1 + 1;
                continue;
            }
            break;
        }
        __0___0_ToStringArray__ret = __lcl_stringArray_SystemStringArray_0;
        return;
    }

    public void _onListProductOwners()
    {
        __temp_SystemString_0 = onListProductOwnersResult.ID;
        __temp_SystemString_1 = VIPProduct.ID;
        __temp_SystemBoolean_0 = __temp_SystemString_0 == __temp_SystemString_1;
        if (__temp_SystemBoolean_0)
        {
            CEVips = onListProductOwnersOwners;
            CEReady = true;
            _TryProcessPatrons();
            return;
        }
        UnityEngine.Debug.Log("OnListProductOwners failed equivalency check!");
        return;
    }

    public void _onPurchaseConfirmed()
    {
        System.Boolean __intnl_SystemBoolean_15 = false;
        System.String __intnl_SystemString_11 = null;
        System.String __intnl_SystemString_12 = null;
        System.Boolean __intnl_SystemBoolean_16 = false;

        __temp_SystemBoolean_0 = VRC.SDKBase.Utilities.IsValid(onPurchaseConfirmedPlayer);
        if (__temp_SystemBoolean_0)
        {
            __temp_SystemString_0 = onPurchaseConfirmedResult.ID;
            __temp_SystemString_1 = VIPProduct.ID;
            __temp_SystemBoolean_0 = __temp_SystemString_0 == __temp_SystemString_1;
            if (__temp_SystemBoolean_0)
            {
                __temp_VRCSDKBaseVRCPlayerApi_0 = VRC.SDKBase.Networking.LocalPlayer;
                __gintnl_SystemObjectArray_0.Set(0, __temp_VRCSDKBaseVRCPlayerApi_0.displayName);
                if (VRC.SDKBase.Utilities.IsValid(onPurchaseConfirmedPlayer))
                {
                    __intnl_SystemString_12 = onPurchaseConfirmedPlayer.displayName;
                }
                else
                {
                    __intnl_SystemString_12 = "null player";
                }
                __gintnl_SystemObjectArray_0.Set(1, __intnl_SystemString_12);
                __gintnl_SystemObjectArray_0.Set(2, PatreonReady);
                __gintnl_SystemObjectArray_0.Set(3, CEReady);
                __temp_SystemString_0 =
                    System.String.Format("{0} OnPurchaseConfirmed - player = {1}; PatreonReady = {2} - CEready = {3}", __gintnl_SystemObjectArray_0);
                UnityEngine.Debug.Log(__temp_SystemString_0);
                __intnl_SystemBoolean_16 = PatreonReady;
                if (__intnl_SystemBoolean_16)
                {
                    __intnl_SystemBoolean_16 = CEReady;
                }
                if (__intnl_SystemBoolean_16)
                {
                    Patreon.SetProgramVariable("__5_player__param", onPurchaseConfirmedPlayer);
                    Patreon.SendCustomEvent("__0__TryAddCEVip");
                }
                else
                {
                    __temp_SystemString_0 = onPurchaseConfirmedPlayer.displayName;
                    __6__intnlparam = ceVIPsPurchaseConfirmedBeforeReady;
                    __7__intnlparam = __temp_SystemString_0;
                    function_5();
                    ceVIPsPurchaseConfirmedBeforeReady = __5__intnlparam;
                }
            }
            __intnl_SystemBoolean_15 = onPurchaseConfirmedPlayer.isLocal;
            if (__intnl_SystemBoolean_15)
            {
                __intnl_SystemString_11 = onPurchaseConfirmedResult.ID;
                __temp_VRCEconomyUdonProduct_0 = Patreon.GetProgramVariable("EmoteProduct");
                __intnl_SystemBoolean_15 = __intnl_SystemString_11 == __temp_VRCEconomyUdonProduct_0.ID;
            }
            if (__intnl_SystemBoolean_15)
            {
                __temp_UnityEngineGameObject_0 = Patreon.GetProgramVariable("RandomEmoteButton");
                __temp_UnityEngineGameObject_0.SetActive(true);
                Patreon.SetProgramVariable("playerOwnsEmoteButton", true);
                __temp_SystemSingle_0 = UnityEngine.Time.timeSinceLevelLoad;
                if (__temp_SystemSingle_0 > 60.0f)
                {
                    __temp_UnityEngineColor_0 = Hud.GetProgramVariable("Green");
                    __temp_UnityEngineTexture_0 = Hud.GetProgramVariable("Tick");
                    __temp_VRCUdonUdonBehaviour_0 = Hud.GetProgramVariable("Audio2d");
                    __temp_UnityEngineAudioClip_0 = __temp_VRCUdonUdonBehaviour_0.GetProgramVariable("Success");
                    Hud.SetProgramVariable("__5_mainText__param", "Purchase Successful");
                    Hud.SetProgramVariable("__4_subText__param", "Emote away!");
                    Hud.SetProgramVariable("__1_color__param", __temp_UnityEngineColor_0);
                    Hud.SetProgramVariable("__1_texture__param", __temp_UnityEngineTexture_0);
                    Hud.SetProgramVariable("__0_clip__param", __temp_UnityEngineAudioClip_0);
                    Hud.SetProgramVariable("__3_lifeTime__param", 0.0f);
                    Hud.SetProgramVariable("__3_isPriority__param", false);
                    Hud.SendCustomEvent("__3__Notification");
                }
            }
        }
        return;
    }

    void function_3()
    {
        __temp_SystemInt32_0 = __1__intnlparam.Length;
        __temp_SystemInt32_1 = __2__intnlparam.Length;
        __temp_SystemInt32_1 = __temp_SystemInt32_0 + __temp_SystemInt32_1;
        __temp_SystemStringArray_0 = new System.String[](__temp_SystemInt32_1);
        __1__intnlparam.CopyTo(__temp_SystemStringArray_0, 0);
        __2__intnlparam.CopyTo(__temp_SystemStringArray_0, __temp_SystemInt32_0);
        __0__intnlparam = __temp_SystemStringArray_0;
        return;
    }

    void function_4()
    {
        __temp_SystemBoolean_0 = __4__intnlparam == "VIP Guest";
        if (__temp_SystemBoolean_0)
        {
            __3__intnlparam = 1;
        }
        else
        {
            __temp_SystemBoolean_0 = __4__intnlparam == "VIP";
            if (__temp_SystemBoolean_0)
            {
                __3__intnlparam = 2;
            }
            else
            {
                __temp_SystemBoolean_0 = __4__intnlparam == "Executive";
                if (__temp_SystemBoolean_0)
                {
                    __3__intnlparam = 3;
                }
                else
                {
                    __temp_SystemBoolean_0 = __4__intnlparam == "Elite";
                    if (__temp_SystemBoolean_0)
                    {
                        __3__intnlparam = 4;
                    }
                    else
                    {
                        __temp_SystemBoolean_0 = __4__intnlparam == "Legend";
                        if (__temp_SystemBoolean_0)
                        {
                            __3__intnlparam = 5;
                        }
                        else
                        {
                            __temp_SystemBoolean_0 = __4__intnlparam == "Mod";
                            if (__temp_SystemBoolean_0)
                            {
                                __3__intnlparam = 6;
                            }
                            else
                            {
                                __temp_SystemBoolean_0 = __4__intnlparam == "EventMod";
                                if (__temp_SystemBoolean_0)
                                {
                                    __3__intnlparam = 7;
                                }
                                else
                                {
                                    __3__intnlparam = 0;
                                }
                            }
                        }
                    }
                }
            }
        }
        return;
    }

    void function_5()
    {
        __temp_SystemInt32_0 = __6__intnlparam.Length;
        __temp_SystemInt32_1 = __temp_SystemInt32_0 + 1;
        __temp_SystemStringArray_0 = new System.String[](__temp_SystemInt32_1);
        __6__intnlparam.CopyTo(__temp_SystemStringArray_0, 0);
        __temp_SystemStringArray_0.SetValue(__7__intnlparam, __temp_SystemInt32_0);
        __5__intnlparam = __temp_SystemStringArray_0;
        return;
    }
}
