---
source: tests/e2e.rs
expression: output.generated_code
---
// Decompiled Udon Program
// This is pseudo-code and may not compile directly

namespace QvPen.UdonScript
{
    public class QvPen_Eraser : UdonSharpBehaviour
    {
        UnityEngine.Material normal = null;
        UnityEngine.Material erasing = null;
        UnityEngine.Transform inkPoolRoot = null;
        VRC.Udon.UdonBehaviour manager = null;
        UnityEngine.Renderer _renderer = null;
        UnityEngine.SphereCollider _sphereCollider = null;
        VRC.SDK3.Components.VRCPickup _pickup = null;
        VRC.SDK3.Components.VRCObjectSync _objectSync = null;
        System.Boolean isUser = false;
        System.Boolean isErasing = false;
        VRC.Udon.UdonBehaviour eraserManager = null;
        System.Boolean _isCheckedEraserRadius = false;
        System.Single _eraserRadius = 0.0f;
        System.Int32 inkColliderLayer = 0;
        VRC.SDKBase.VRCPlayerApi _localPlayer = null;
        UnityEngine.Collider[] results4 =
            new UnityEngine.Collider[] { null /* unserializable */, null /* unserializable */,
                                         null /* unserializable */, null /* unserializable */ };
        UnityEngine.Vector3[] tmpErasedData = null;
        System.Boolean isPickedUp = false;
        UnityEngine.Renderer __0_get_renderer__ret = null;
        UnityEngine.SphereCollider __0_get_sphereCollider__ret = null;
        VRC.SDK3.Components.VRCPickup __0_get_pickup__ret = null;
        VRC.SDK3.Components.VRCObjectSync __0_get_objectSync__ret = null;
        System.Boolean __0_get_IsUser__ret = false;
        System.Single __0_get_eraserRadius__ret = 0.0f;
        System.Single[] __gintnl_SystemSingleArray_0 = new System.Single[] { 0, 0, 0 };
        VRC.SDKBase.VRCPlayerApi __0_get_localPlayer__ret = null;
        System.Int32 __0_get_localPlayerId__ret = 0;
        VRC.Udon.UdonBehaviour __0_eraserManager__param = null;
        UnityEngine.Transform __0__intnlparam = null;
        UnityEngine.Transform __1__intnlparam = null;
        VRC.Udon.UdonBehaviour __2__intnlparam = null;
        UnityEngine.Component __3__intnlparam = null;
        UnityEngine.Vector3[] __3_data__param = null;
        System.Boolean __0_get_isHeld__ret = false;
        UnityEngine.QueryTriggerInteraction __const_UnityEngineQueryTriggerInteraction_0 =
            null /* unserializable */;
        System.Boolean __4__intnlparam = false;
        UnityEngine.GameObject __5__intnlparam = null;
        UnityEngine.Vector3 __6__intnlparam = new UnityEngine.Vector3(0.0f, 0.0f, 0.0f);
        UnityEngine.Vector3 __7__intnlparam = new UnityEngine.Vector3(0.0f, 0.0f, 0.0f);
        UnityEngine.Vector3 __8__intnlparam = new UnityEngine.Vector3(0.0f, 0.0f, 0.0f);
        System.Int32 __9__intnlparam = 0;
        System.Int32 __10__intnlparam = 0;
        UnityEngine.Vector3[] __11__intnlparam = null;
        System.Int32 __12__intnlparam = 0;
        UnityEngine.Vector3 __13__intnlparam = new UnityEngine.Vector3(0.0f, 0.0f, 0.0f);
        UnityEngine.Vector3[] __4_data__param = null;
        System.Int32 __14__intnlparam = 0;
        UnityEngine.Vector3[] __15__intnlparam = null;
        UnityEngine.Vector3[] __5_data__param = null;
        UnityEngine.Vector3 __16__intnlparam = new UnityEngine.Vector3(0.0f, 0.0f, 0.0f);
        UnityEngine.Vector3[] __17__intnlparam = null;
        System.Int32 __18__intnlparam = 0;
        System.Int32 __19__intnlparam = 0;
        UnityEngine.Vector3 __20__intnlparam = new UnityEngine.Vector3(0.0f, 0.0f, 0.0f);

        void get_renderer()
        {
            if (_renderer)
            {
                __0_get_renderer__ret = _renderer;
            }
            else
            {
                _renderer = this.transform.GetComponentInChildren(
                    true, typeof(UnityEngine.Renderer) /* UnityEngine.CoreModule */);
                __0_get_renderer__ret = _renderer;
            }
            return;
        }

        void get_sphereCollider()
        {
            if (_sphereCollider)
            {
                __0_get_sphereCollider__ret = _sphereCollider;
            }
            else
            {
                _sphereCollider = this.transform.GetComponent(
                    typeof(UnityEngine.SphereCollider) /* UnityEngine.PhysicsModule */);
                __0_get_sphereCollider__ret = _sphereCollider;
            }
            return;
        }

        void get_pickup()
        {
            if (_pickup)
            {
                __0_get_pickup__ret = _pickup;
            }
            else
            {
                _pickup =
                    this.GetComponent(typeof(VRC.SDK3.Components.VRCPickup) /* VRCSDK3 */);
                __0_get_pickup__ret = _pickup;
            }
            return;
        }

        void get_objectSync()
        {
            if (_objectSync)
            {
                __0_get_objectSync__ret = _objectSync;
            }
            else
            {
                _objectSync =
                    this.GetComponent(typeof(VRC.SDK3.Components.VRCObjectSync) /* VRCSDK3 */);
                __0_get_objectSync__ret = _objectSync;
            }
            return;
        }

        public void get_IsUser()
        {
            __0_get_IsUser__ret = isUser;
            return;
        }

        void get_eraserRadius()
        {
            UnityEngine.Vector3 __lcl_s_UnityEngineVector3_0 =
                new UnityEngine.Vector3(0.0f, 0.0f, 0.0f);
            System.Single __intnl_SystemSingle_3 = 0.0f;

            if (_isCheckedEraserRadius)
            {
                __0_get_eraserRadius__ret = _eraserRadius;
            }
            else
            {
                __lcl_s_UnityEngineVector3_0 = this.transform.lossyScale;
                __gintnl_SystemSingleArray_0[0] = __lcl_s_UnityEngineVector3_0.x;
                __gintnl_SystemSingleArray_0[1] = __lcl_s_UnityEngineVector3_0.y;
                __gintnl_SystemSingleArray_0[2] = __lcl_s_UnityEngineVector3_0.z;
                __intnl_SystemSingle_3 = UnityEngine.Mathf.Min(__gintnl_SystemSingleArray_0);
                get_sphereCollider();
                _eraserRadius = __intnl_SystemSingle_3 * __0_get_sphereCollider__ret.radius;
                _isCheckedEraserRadius = true;
                __0_get_eraserRadius__ret = _eraserRadius;
            }
            return;
        }

        void get_localPlayer()
        {
            __0_get_localPlayer__ret = _localPlayer;
            if (__0_get_localPlayer__ret == null)
            {
                _localPlayer = VRC.SDKBase.Networking.LocalPlayer;
                __0_get_localPlayer__ret = _localPlayer;
            }
            return;
        }

        void get_localPlayerId()
        {
            get_localPlayer();
            if (VRC.SDKBase.Utilities.IsValid(__0_get_localPlayer__ret))
            {
                get_localPlayer();
                __0_get_localPlayerId__ret = __0_get_localPlayer__ret.playerId;
            }
            else
            {
                __0_get_localPlayerId__ret = -1;
            }
            return;
        }

        public void __0__Init()
        {
            UnityEngine.GameObject __lcl_inkPoolRootGO_UnityEngineGameObject_0 = null;
            UnityEngine.Transform __intnl_UnityEngineTransform_0 = null;

            eraserManager = __0_eraserManager__param;
            inkColliderLayer = System.Convert.ToInt32(
                __0_eraserManager__param.GetProgramVariable("inkColliderLayer"));
            __lcl_inkPoolRootGO_UnityEngineGameObject_0 =
                UnityEngine.GameObject.Find(System.String.Format("/{0}", "QvPen_Objects"));
            if (VRC.SDKBase.Utilities.IsValid(__lcl_inkPoolRootGO_UnityEngineGameObject_0))
            {
                inkPoolRoot.gameObject.SetActive(false);
                inkPoolRoot = __lcl_inkPoolRootGO_UnityEngineGameObject_0.transform;
            }
            else
            {
                inkPoolRoot.name = "QvPen_Objects";
                __intnl_UnityEngineTransform_0 = null;
                __0__intnlparam = inkPoolRoot;
                __1__intnlparam = __intnl_UnityEngineTransform_0;
                function_1();
                inkPoolRoot.SetAsFirstSibling();
                inkPoolRoot.gameObject.SetActive(true);
            }
            __3__intnlparam = inkPoolRoot.transform;
            function_2();
            manager = __2__intnlparam;
            if (!VRC.SDKBase.Utilities.IsValid(erasing))
            {
                get_renderer();
                erasing = __0_get_renderer__ret.sharedMaterial;
            }
            get_pickup();
            __0_get_pickup__ret.InteractionText = "Eraser";
            get_pickup();
            __0_get_pickup__ret.UseText = "Erase";
            return;
        }

        public void _onPlayerJoined()
        {
            System.Boolean __intnl_SystemBoolean_8 = false;

            __intnl_SystemBoolean_8 = isUser;
            if (__intnl_SystemBoolean_8)
            {
                __intnl_SystemBoolean_8 = isErasing;
            }
            if (__intnl_SystemBoolean_8)
            {
                this.SendCustomNetworkEvent(VRC.Udon.Common.Interfaces.NetworkEventTarget.All,
                                            "OnPickupEvent");
            }
            return;
        }

        public void _onPickup()
        {
            VRC.Udon.UdonBehaviour __intnl_VRCUdonUdonBehaviour_0 = null;
            System.Boolean __intnl_SystemBoolean_9 = false;

            isUser = true;
            get_sphereCollider();
            __0_get_sphereCollider__ret.enabled = false;
            __intnl_VRCUdonUdonBehaviour_0 = eraserManager;
            eraserManager.SendCustomEvent("_TakeOwnership");
            __intnl_SystemBoolean_9 =
                eraserManager.GetProgramVariable("__0__TakeOwnership__ret");
            eraserManager.SendCustomNetworkEvent(
                VRC.Udon.Common.Interfaces.NetworkEventTarget.All, "StartUsing");
            this.SendCustomNetworkEvent(VRC.Udon.Common.Interfaces.NetworkEventTarget.All,
                                        "OnPickupEvent");
            return;
        }

        public void _onDrop()
        {
            VRC.Udon.UdonBehaviour __intnl_VRCUdonUdonBehaviour_1 = null;

            isUser = false;
            get_sphereCollider();
            __0_get_sphereCollider__ret.enabled = true;
            __intnl_VRCUdonUdonBehaviour_1 = eraserManager;
            eraserManager.SendCustomEvent("_ClearSyncBuffer");
            eraserManager.SendCustomNetworkEvent(
                VRC.Udon.Common.Interfaces.NetworkEventTarget.All, "EndUsing");
            this.SendCustomNetworkEvent(VRC.Udon.Common.Interfaces.NetworkEventTarget.All,
                                        "OnDropEvent");
            return;
        }

        public void _onPickupUseDown()
        {
            this.SendCustomNetworkEvent(VRC.Udon.Common.Interfaces.NetworkEventTarget.All,
                                        "StartErasing");
            return;
        }

        public void _onPickupUseUp()
        {
            this.SendCustomNetworkEvent(VRC.Udon.Common.Interfaces.NetworkEventTarget.All,
                                        "FinishErasing");
            return;
        }

        public void OnPickupEvent()
        {
            get_renderer();
            __0_get_renderer__ret.sharedMaterial = normal;
            return;
        }

        public void OnDropEvent()
        {
            get_renderer();
            __0_get_renderer__ret.sharedMaterial = erasing;
            return;
        }

        public void StartErasing()
        {
            isErasing = true;
            get_renderer();
            __0_get_renderer__ret.sharedMaterial = erasing;
            return;
        }

        public void FinishErasing()
        {
            isErasing = false;
            get_renderer();
            __0_get_renderer__ret.sharedMaterial = normal;
            return;
        }

        public void __0__SendData()
        {
            UnityEngine.Vector3[] __intnl_UnityEngineVector3Array_0 = null;

            __intnl_UnityEngineVector3Array_0 = __3_data__param;
            eraserManager.SetProgramVariable("__0_data__param", __3_data__param);
            eraserManager.SendCustomEvent("__0__SendData");
            return;
        }

        public void _postLateUpdate()
        {
            System.Boolean __intnl_SystemBoolean_10 = false;
            System.Boolean __intnl_SystemBoolean_11 = false;
            System.Int32 __lcl_count_SystemInt32_0 = 0;
            UnityEngine.Vector3 __intnl_UnityEngineVector3_0 =
                new UnityEngine.Vector3(0.0f, 0.0f, 0.0f);
            System.Int32 __lcl_i_SystemInt32_0 = 0;
            UnityEngine.Collider __lcl_other_UnityEngineCollider_0 = null;
            UnityEngine.Transform __lcl_t_UnityEngineTransform_0 = null;
            System.Boolean __intnl_SystemBoolean_13 = false;
            System.Boolean __intnl_SystemBoolean_14 = false;
            UnityEngine.LineRenderer __lcl_lineRenderer_UnityEngineLineRenderer_0 = null;
            System.Boolean __intnl_SystemBoolean_15 = false;
            System.Boolean __intnl_SystemBoolean_16 = false;
            UnityEngine.Vector3 __lcl_penIdVector_UnityEngineVector3_0 =
                new UnityEngine.Vector3(0.0f, 0.0f, 0.0f);
            UnityEngine.Vector3 __lcl_inkIdVector_UnityEngineVector3_0 =
                new UnityEngine.Vector3(0.0f, 0.0f, 0.0f);
            UnityEngine.Vector3 __lcl__discard_UnityEngineVector3_0 =
                new UnityEngine.Vector3(0.0f, 0.0f, 0.0f);
            UnityEngine.Vector3[] __lcl_data_UnityEngineVector3Array_0 = null;
            System.Single __intnl_SystemSingle_5 = 0.0f;
            UnityEngine.Vector3 __intnl_UnityEngineVector3_1 =
                new UnityEngine.Vector3(0.0f, 0.0f, 0.0f);

            __intnl_SystemBoolean_11 = !isUser;
            if (!__intnl_SystemBoolean_11)
            {
                get_isHeld();
                __intnl_SystemBoolean_11 = !__0_get_isHeld__ret;
            }
            __intnl_SystemBoolean_10 = __intnl_SystemBoolean_11;
            if (!__intnl_SystemBoolean_10)
            {
                __intnl_SystemBoolean_10 = !isErasing;
            }
            if (!__intnl_SystemBoolean_10)
            {
                __intnl_UnityEngineVector3_0 = this.transform.position;
                get_eraserRadius();
                __lcl_count_SystemInt32_0 = UnityEngine.Physics.OverlapSphereNonAlloc(
                    __intnl_UnityEngineVector3_0, __0_get_eraserRadius__ret, results4,
                    1 << inkColliderLayer, __const_UnityEngineQueryTriggerInteraction_0);
                __lcl_i_SystemInt32_0 = 0;
                while (__lcl_i_SystemInt32_0 < __lcl_count_SystemInt32_0)
                {
                    __lcl_other_UnityEngineCollider_0 = results4[__lcl_i_SystemInt32_0];
                    __intnl_SystemBoolean_14 =
                        VRC.SDKBase.Utilities.IsValid(__lcl_other_UnityEngineCollider_0);
                    if (__intnl_SystemBoolean_14)
                    {
                        __lcl_t_UnityEngineTransform_0 =
                            __lcl_other_UnityEngineCollider_0.transform.parent;
                        __intnl_SystemBoolean_14 =
                            VRC.SDKBase.Utilities.IsValid(__lcl_t_UnityEngineTransform_0);
                    }
                    __intnl_SystemBoolean_13 = __intnl_SystemBoolean_14;
                    if (__intnl_SystemBoolean_13)
                    {
                        __intnl_SystemBoolean_13 = VRC.SDKBase.Utilities.IsValid(
                            __lcl_t_UnityEngineTransform_0.parent);
                    }
                    if (__intnl_SystemBoolean_13)
                    {
                        __lcl_lineRenderer_UnityEngineLineRenderer_0 =
                            __lcl_other_UnityEngineCollider_0.transform.GetComponentInParent(
                                typeof(UnityEngine.LineRenderer) /* UnityEngine.CoreModule */);
                        __intnl_SystemBoolean_16 = VRC.SDKBase.Utilities.IsValid(
                            __lcl_lineRenderer_UnityEngineLineRenderer_0);
                        if (__intnl_SystemBoolean_16)
                        {
                            __intnl_SystemBoolean_16 =
                                __lcl_lineRenderer_UnityEngineLineRenderer_0.positionCount > 0;
                        }
                        __intnl_SystemBoolean_15 = __intnl_SystemBoolean_16;
                        if (__intnl_SystemBoolean_15)
                        {
                            __5__intnlparam =
                                __lcl_lineRenderer_UnityEngineLineRenderer_0.gameObject;
                            __6__intnlparam = __lcl_penIdVector_UnityEngineVector3_0;
                            __7__intnlparam = __lcl_inkIdVector_UnityEngineVector3_0;
                            __8__intnlparam = __lcl__discard_UnityEngineVector3_0;
                            function_3();
                            __lcl_penIdVector_UnityEngineVector3_0 = __6__intnlparam;
                            __lcl_inkIdVector_UnityEngineVector3_0 = __7__intnlparam;
                            __lcl__discard_UnityEngineVector3_0 = __8__intnlparam;
                            __intnl_SystemBoolean_15 = __4__intnlparam;
                        }
                        if (__intnl_SystemBoolean_15)
                        {
                            __10__intnlparam = 3;
                            function_4();
                            __lcl_data_UnityEngineVector3Array_0 =
                                new UnityEngine.Vector3[__9__intnlparam];
                            get_localPlayerId();
                            __intnl_SystemSingle_5 =
                                System.Convert.ToSingle(__0_get_localPlayerId__ret);
                            __10__intnlparam = 3;
                            function_4();
                            __intnl_UnityEngineVector3_1 = new UnityEngine.Vector3(
                                __intnl_SystemSingle_5, 3.0f,
                                System.Convert.ToSingle(__9__intnlparam));
                            __11__intnlparam = __lcl_data_UnityEngineVector3Array_0;
                            __12__intnlparam = 0;
                            __13__intnlparam = __intnl_UnityEngineVector3_1;
                            function_5();
                            __11__intnlparam = __lcl_data_UnityEngineVector3Array_0;
                            __12__intnlparam = 1;
                            __13__intnlparam = __lcl_penIdVector_UnityEngineVector3_0;
                            function_5();
                            __11__intnlparam = __lcl_data_UnityEngineVector3Array_0;
                            __12__intnlparam = 2;
                            __13__intnlparam = __lcl_inkIdVector_UnityEngineVector3_0;
                            function_5();
                            __3_data__param = __lcl_data_UnityEngineVector3Array_0;
                            __0__SendData();
                        }
                    }
                    results4[__lcl_i_SystemInt32_0] = null;
                    __lcl_i_SystemInt32_0 = __lcl_i_SystemInt32_0 + 1;
                }
            }
            return;
        }

        public void __0__UnpackData()
        {
            System.Int32 __lcl_mode_SystemInt32_0 = 0;
            System.Boolean __intnl_SystemBoolean_18 = false;

            __15__intnlparam = __4_data__param;
            function_6();
            __lcl_mode_SystemInt32_0 = __14__intnlparam;
            if (__lcl_mode_SystemInt32_0 == 3)
            {
                __intnl_SystemBoolean_18 = isUser;
                if (__intnl_SystemBoolean_18)
                {
                    __intnl_SystemBoolean_18 = VRC.SDKBase.VRCPlayerApi.GetPlayerCount() > 1;
                }
                if (__intnl_SystemBoolean_18)
                {
                    tmpErasedData = __4_data__param;
                }
                else
                {
                    __5_data__param = __4_data__param;
                    function_0();
                }
            }
            return;
        }

        public void ExecuteEraseInk()
        {
            if (tmpErasedData != null)
            {
                __5_data__param = tmpErasedData;
                function_0();
            }
            tmpErasedData = null;
            return;
        }

        void function_0()
        {
            System.Boolean __intnl_SystemBoolean_20 = false;
            System.Int32 __intnl_SystemInt32_3 = 0;
            UnityEngine.Vector3[] __intnl_UnityEngineVector3Array_1 = null;
            UnityEngine.Vector3 __lcl_penIdVector_UnityEngineVector3_1 =
                new UnityEngine.Vector3(0.0f, 0.0f, 0.0f);
            UnityEngine.Vector3 __lcl_inkIdVector_UnityEngineVector3_1 =
                new UnityEngine.Vector3(0.0f, 0.0f, 0.0f);
            System.Int32 __lcl_penId_SystemInt32_0 = 0;
            System.Int32 __lcl_inkId_SystemInt32_0 = 0;
            System.Boolean __intnl_SystemBoolean_21 = false;

            __intnl_SystemBoolean_20 = __5_data__param == null;
            if (!__intnl_SystemBoolean_20)
            {
                __intnl_SystemInt32_3 = __5_data__param.Length;
                __10__intnlparam = 3;
                __intnl_UnityEngineVector3Array_1 = __5_data__param;
                function_4();
                __intnl_SystemBoolean_20 = __intnl_SystemInt32_3 < __9__intnlparam;
            }
            if (!__intnl_SystemBoolean_20)
            {
                __17__intnlparam = __5_data__param;
                __18__intnlparam = 1;
                function_7();
                __lcl_penIdVector_UnityEngineVector3_1 = __16__intnlparam;
                __17__intnlparam = __5_data__param;
                __18__intnlparam = 2;
                function_7();
                __lcl_inkIdVector_UnityEngineVector3_1 = __16__intnlparam;
                __20__intnlparam = __lcl_penIdVector_UnityEngineVector3_1;
                function_8();
                __lcl_penId_SystemInt32_0 = __19__intnlparam;
                __20__intnlparam = __lcl_inkIdVector_UnityEngineVector3_1;
                function_8();
                __lcl_inkId_SystemInt32_0 = __19__intnlparam;
                manager.SetProgramVariable("__3_penId__param", __lcl_penId_SystemInt32_0);
                manager.SetProgramVariable("__2_inkId__param", __lcl_inkId_SystemInt32_0);
                manager.SendCustomEvent("__0_RemoveInk");
                __intnl_SystemBoolean_21 = manager.GetProgramVariable("__0___0_RemoveInk__ret");
            }
            return;
        }

        public void get_isHeld()
        {
            __0_get_isHeld__ret = isPickedUp;
            return;
        }

        public void _Respawn()
        {
            get_pickup();
            __0_get_pickup__ret.Drop();
            if (VRC.SDKBase.Networking.LocalPlayer.IsOwner(this.gameObject))
            {
                get_objectSync();
                __0_get_objectSync__ret.Respawn();
            }
            return;
        }

        void function_1()
        {
            if (VRC.SDKBase.Utilities.IsValid(__0__intnlparam))
            {
                __0__intnlparam.SetParent(__1__intnlparam);
                __0__intnlparam.SetLocalPositionAndRotation(
                    new UnityEngine.Vector3(0.0f, 0.0f, 0.0f),
                    new UnityEngine.Quaternion(0.0f, 0.0f, 0.0f, 1.0f));
                __0__intnlparam.localScale = new UnityEngine.Vector3(1.0f, 1.0f, 1.0f);
            }
            return;
        }

        void function_2()
        {
            UnityEngine.Component[] __lcl_udonBehaviours_UnityEngineComponentArray_0 = null;
            System.Int64 __lcl_targetID_SystemInt64_0 = 0;
            System.Int32 __intnl_SystemInt32_4 = 0;
            System.Int32 __intnl_SystemInt32_5 = 0;
            VRC.Udon.UdonBehaviour __lcl_behaviour_VRCUdonUdonBehaviour_0 = null;
            System.Object __lcl_idValue_SystemObject_0 = null;
            System.Boolean __intnl_SystemBoolean_28 = false;

            __lcl_udonBehaviours_UnityEngineComponentArray_0 =
                __3__intnlparam.GetComponents(typeof(VRC.Udon.UdonBehaviour) /* VRC.Udon */);
            __lcl_targetID_SystemInt64_0 = 8320864560273335438;
            __intnl_SystemInt32_4 = __lcl_udonBehaviours_UnityEngineComponentArray_0.Length;
            __intnl_SystemInt32_5 = 0;
            while (__intnl_SystemInt32_5 < __intnl_SystemInt32_4)
            {
                __lcl_behaviour_VRCUdonUdonBehaviour_0 =
                    __lcl_udonBehaviours_UnityEngineComponentArray_0[__intnl_SystemInt32_5];
                if (!(__lcl_behaviour_VRCUdonUdonBehaviour_0.GetProgramVariableType(
                          "__refl_typeid") == null))
                {
                    __lcl_idValue_SystemObject_0 =
                        __lcl_behaviour_VRCUdonUdonBehaviour_0.GetProgramVariable(
                            "__refl_typeid");
                    __intnl_SystemBoolean_28 = __lcl_idValue_SystemObject_0 != null;
                    if (__intnl_SystemBoolean_28)
                    {
                        __intnl_SystemBoolean_28 =
                            System.Convert.ToInt64(__lcl_idValue_SystemObject_0) ==
                            __lcl_targetID_SystemInt64_0;
                    }
                    if (__intnl_SystemBoolean_28)
                    {
                        __2__intnlparam = __lcl_behaviour_VRCUdonUdonBehaviour_0;
                        return;
                    }
                }
                __intnl_SystemInt32_5 = __intnl_SystemInt32_5 + 1;
            }
            __2__intnlparam = null;
            return;
        }

        void function_3()
        {
            UnityEngine.Transform __lcl_idHolder_UnityEngineTransform_0 = null;

            if (!VRC.SDKBase.Utilities.IsValid(__5__intnlparam))
            {
                __6__intnlparam = new UnityEngine.Vector3(0.0f, 0.0f, 0.0f);
                __7__intnlparam = new UnityEngine.Vector3(0.0f, 0.0f, 0.0f);
                __8__intnlparam = new UnityEngine.Vector3(0.0f, 0.0f, 0.0f);
                __4__intnlparam = false;
            }
            else
            {
                if (__5__intnlparam.transform.childCount < 2)
                {
                    __6__intnlparam = new UnityEngine.Vector3(0.0f, 0.0f, 0.0f);
                    __7__intnlparam = new UnityEngine.Vector3(0.0f, 0.0f, 0.0f);
                    __8__intnlparam = new UnityEngine.Vector3(0.0f, 0.0f, 0.0f);
                    __4__intnlparam = false;
                }
                else
                {
                    __lcl_idHolder_UnityEngineTransform_0 =
                        __5__intnlparam.transform.GetChild(1);
                    if (!VRC.SDKBase.Utilities.IsValid(__lcl_idHolder_UnityEngineTransform_0))
                    {
                        __6__intnlparam = new UnityEngine.Vector3(0.0f, 0.0f, 0.0f);
                        __7__intnlparam = new UnityEngine.Vector3(0.0f, 0.0f, 0.0f);
                        __8__intnlparam = new UnityEngine.Vector3(0.0f, 0.0f, 0.0f);
                        __4__intnlparam = false;
                    }
                    else
                    {
                        __6__intnlparam = __lcl_idHolder_UnityEngineTransform_0.localPosition;
                        __7__intnlparam = __lcl_idHolder_UnityEngineTransform_0.localScale;
                        __8__intnlparam =
                            __lcl_idHolder_UnityEngineTransform_0.localEulerAngles;
                        __4__intnlparam = true;
                    }
                }
            }
            return;
        }

        void function_4()
        {
            if (__10__intnlparam == 2)
            {
                __9__intnlparam = 5;
            }
            else
            {
                if (__10__intnlparam == 3)
                {
                    __9__intnlparam = 4;
                }
                else
                {
                    if (__10__intnlparam == 0)
                    {
                        __9__intnlparam = 0;
                    }
                    else
                    {
                        __9__intnlparam = 0;
                    }
                }
            }
            return;
        }

        void function_5()
        {
            System.Boolean __intnl_SystemBoolean_35 = false;

            __intnl_SystemBoolean_35 = __11__intnlparam != null;
            if (__intnl_SystemBoolean_35)
            {
                __intnl_SystemBoolean_35 = __11__intnlparam.Length > __12__intnlparam;
            }
            if (__intnl_SystemBoolean_35)
            {
                __11__intnlparam[__11__intnlparam.Length - 1 - __12__intnlparam] =
                    __13__intnlparam;
            }
            return;
        }

        void function_6()
        {
            System.Boolean __intnl_SystemBoolean_36 = false;

            __intnl_SystemBoolean_36 = __15__intnlparam != null;
            if (__intnl_SystemBoolean_36)
            {
                __intnl_SystemBoolean_36 = __15__intnlparam.Length > 0;
            }
            if (__intnl_SystemBoolean_36)
            {
                __17__intnlparam = __15__intnlparam;
                __18__intnlparam = 0;
                function_7();
                __14__intnlparam = System.Convert.ToInt32(
                    System.Math.Truncate(System.Convert.ToDouble(__16__intnlparam.y)));
            }
            else
            {
                __14__intnlparam = 0;
            }
            return;
        }

        void function_7()
        {
            System.Boolean __intnl_SystemBoolean_37 = false;

            __intnl_SystemBoolean_37 = __17__intnlparam != null;
            if (__intnl_SystemBoolean_37)
            {
                __intnl_SystemBoolean_37 = __17__intnlparam.Length > __18__intnlparam;
            }
            if (__intnl_SystemBoolean_37)
            {
                __16__intnlparam =
                    __17__intnlparam[__17__intnlparam.Length - 1 - __18__intnlparam];
            }
            else
            {
                __16__intnlparam = new UnityEngine.Vector3(0.0f, 0.0f, 0.0f);
            }
            return;
        }

        void function_8()
        {
            __19__intnlparam =
                (System.Convert.ToInt32(
                     System.Math.Truncate(System.Convert.ToDouble(__20__intnlparam.x))) &&
                 255)
                    << 24 ||
                (System.Convert.ToInt32(
                     System.Math.Truncate(System.Convert.ToDouble(__20__intnlparam.y))) &&
                 4095)
                    << 12 ||
                System.Convert.ToInt32(
                    System.Math.Truncate(System.Convert.ToDouble(__20__intnlparam.z))) &&
                    4095;
            return;
        }
    }
}
